#-----------------------------------------------------------
# Vivado v2019.2 (64-bit)
# SW Build 2708876 on Wed Nov  6 21:40:23 MST 2019
# IP Build 2700528 on Thu Nov  7 00:09:20 MST 2019
# Start of session at: Thu Dec  1 14:43:58 2022
# Process ID: 9680
# Current directory: C:/DSD/Labos_2022/DSD-project/code/DSD-Audio-with-microblaze/DSD-Audio-with-microblaze.runs/microblaze_i2s_ilmb_bram_if_cntlr_0_synth_1
# Command line: vivado.exe -log microblaze_i2s_ilmb_bram_if_cntlr_0.vds -product Vivado -mode batch -messageDb vivado.pb -notrace -source microblaze_i2s_ilmb_bram_if_cntlr_0.tcl
# Log file: C:/DSD/Labos_2022/DSD-project/code/DSD-Audio-with-microblaze/DSD-Audio-with-microblaze.runs/microblaze_i2s_ilmb_bram_if_cntlr_0_synth_1/microblaze_i2s_ilmb_bram_if_cntlr_0.vds
# Journal file: C:/DSD/Labos_2022/DSD-project/code/DSD-Audio-with-microblaze/DSD-Audio-with-microblaze.runs/microblaze_i2s_ilmb_bram_if_cntlr_0_synth_1\vivado.jou
#-----------------------------------------------------------
source microblaze_i2s_ilmb_bram_if_cntlr_0.tcl -notrace
